
Router(config)#enable pas
Router(config)#enable password class
% Password too short - must be at least 8 characters. Password not configured.
Router(config)#log
Router(config)#logg
Router(config)#logging synn
Router(config)#logging syn
Router(config)#logging sync
Router(config)#ni
Router(config)#lin
Router(config)#line con
Router(config)#line console 0
Router(config-line)#pass
Router(config-line)#password cisco
% Password too short - must be at least 8 characters. Password not configured.
Router(config-line)#log
Router(config-line)#exit
Router(config)#sec
Router(config)#secur
Router(config)#security
Router(config)#security pass
Router(config)#security passwords min
Router(config)#security passwords min-length 4
Router(config)#line console 0
Router(config-line)#passwor
Router(config-line)#password cisco
Router(config-line)#logg
Router(config-line)#logging syn
Router(config-line)#logging synchronous 
Router(config-line)#exec-tim
Router(config-line)#exec-timeout 
Router(config-line)#exec-timeout 0 0
Router(config-line)#login
Router(config-line)#line vty 0 4
Router(config-line)#pass
Router(config-line)#password cisco
Router(config-line)#logg
Router(config-line)#logging syn
Router(config-line)#logging synchronous 
Router(config-line)#exec-tim
Router(config-line)#exec-timeout 0 0
Router(config-line)#login 
Router(config-line)#exit



----------------------------------
Switch>enable
Switch#conf
Switch#configure ter
Switch#configure terminal 
Enter configuration commands, one per line.  End with CNTL/Z.
Switch(config)#no enab
Switch(config)#no enable sec
Switch(config)#no enable secret 
Switch(config)#no ser
Switch(config)#no service 
% Incomplete command.
Switch(config)#no service pas
Switch(config)#no service password-encryption 
Switch(config)#no en
Switch(config)#no enable sec
Switch(config)#no enable secret 
Switch(config)#enable 
Switch(config)#enable as
Switch(config)#enable pas
Switch(config)#enable password class
Switch(config)#line
Switch(config)#line con
Switch(config)#line console 0
Switch(config-line)#passs
Switch(config-line)#passw
Switch(config-line)#password cisco
Switch(config-line)#log
Switch(config-line)#logg
Switch(config-line)#logging syn
Switch(config-line)#logging synchronous 
Switch(config-line)#exec-time
Switch(config-line)#exec-timeout 0 0
Switch(config-line)#login
Switch(config-line)#exit
Switch(config)#line vty 0 15
Switch(config-line)#pass
Switch(config-line)#password cisc
Switch(config-line)#password cisco
Switch(config-line)#log
Switch(config-line)#logg
Switch(config-line)#logging syn
Switch(config-line)#logging synchronous 
Switch(config-line)#exec
Switch(config-line)#exec-timeout 0 0
Switch(config-line)#log
Switch(config-line)#login
Switch(config-line)#exit
